// Jest Snapshot v1, https://goo.gl/fbAQLP

exports[`Footer renders correctly 1`] = `
<footer
  style={
    Object {
      "paddingTop": 20,
    }
  }
>
  <ul
    style={
      Object {
        "margin": 0,
      }
    }
  >
    <li
      style={
        Object {
          "display": "inline-block",
          "marginRight": 16,
        }
      }
    >
      <a
        aria-current="page"
        className=""
        href="/"
        onClick={[Function]}
        onMouseEnter={[Function]}
        style={Object {}}
      >
        ホーム
      </a>
    </li>
    <li
      style={
        Object {
          "display": "inline-block",
          "marginRight": 16,
        }
      }
    >
      <a
        href="/about"
        onClick={[Function]}
        onMouseEnter={[Function]}
      >
        自己紹介
      </a>
    </li>
    <li
      style={
        Object {
          "display": "inline-block",
          "marginRight": 16,
        }
      }
    >
      <a
        href="/skills"
        onClick={[Function]}
        onMouseEnter={[Function]}
      >
        スキル
      </a>
    </li>
    <li
      style={
        Object {
          "display": "inline-block",
          "marginRight": 16,
        }
      }
    >
      <a
        href="/favorites"
        onClick={[Function]}
        onMouseEnter={[Function]}
      >
        好きなもの
      </a>
    </li>
    <li
      style={
        Object {
          "display": "inline-block",
          "marginRight": 16,
        }
      }
    >
      <a
        href="/notes"
        onClick={[Function]}
        onMouseEnter={[Function]}
      >
        メモ
      </a>
    </li>
    <li
      style={
        Object {
          "display": "inline-block",
          "marginRight": 16,
        }
      }
    >
      <a
        href="/links"
        onClick={[Function]}
        onMouseEnter={[Function]}
      >
        リンク
      </a>
    </li>
  </ul>
  <small>
    ©Copyright jun. All rights reserved.
  </small>
</footer>
`;

exports[`Footer renders isHome prop correctly 1`] = `
<footer
  style={
    Object {
      "paddingTop": 20,
    }
  }
>
  <small>
    ©Copyright jun. All rights reserved.
  </small>
</footer>
`;
